// Jest Snapshot v1, https://goo.gl/fbAQLP

exports[`Editor Component Test Editor renders correctly according to first snapshot 1`] = `
<div
  className="StyledBox-sc-13pk1d4-0 cscWAI"
>
  <div
    className="StyledBox-sc-13pk1d4-0 gpqUzJ"
  >
    <div
      id="blah2"
      style={
        Object {
          "border": "1px solid lightgray",
          "fontSize": "14px !important",
          "height": "100%",
          "width": "100%",
        }
      }
    />
  </div>
  <div
    className="StyledBox__StyledBoxGap-sc-13pk1d4-1 hPsznL"
  />
  <div
    className="StyledBox-sc-13pk1d4-0 IRSNj"
  >
    <button
      className="StyledButton-sc-323bzc-0 jWMJbT"
      onBlur={[Function]}
      onClick={[Function]}
      onFocus={[Function]}
      type="button"
    >
      <div
        className="StyledBox-sc-13pk1d4-0 hHwlHq"
      >
        <svg
          aria-label="Edit"
          className="StyledIcon-ofa7kd-0 cZXyLU"
          viewBox="0 0 24 24"
        >
          <path
            d="M14,4 L20,10 L14,4 Z M22.2942268,5.29422684 C22.6840146,5.68401459 22.6812861,6.3187139 22.2864907,6.71350932 L9,20 L2,22 L4,15 L17.2864907,1.71350932 C17.680551,1.319449 18.3127724,1.31277239 18.7057732,1.70577316 L22.2942268,5.29422684 Z M3,19 L5,21 M7,17 L15,9"
            fill="none"
            stroke="#000"
            strokeWidth="2"
          />
        </svg>
        <div
          className="StyledBox__StyledBoxGap-sc-13pk1d4-1 iChEkS"
        />
        Submit
      </div>
    </button>
  </div>
</div>
`;
