// Jest Snapshot v1, https://goo.gl/fbAQLP

exports[`Editor Component Test Header renders correctly according to first snapshot 1`] = `
<header
  className="StyledBox-sc-13pk1d4-0 bRQYIV"
  style={
    Object {
      "zIndex": "1",
    }
  }
/>
`;
